{"at":"2026-09-25T02:29:59+08:00","user":"Group Owner","action":"journal.posted","ip":"cli","payload":{"id":12,"amount":1000000}}
{"at":"2026-09-25T02:29:59+08:00","user":"Group Owner","action":"journal.approval_requested","ip":"cli","payload":{"approval_id":3,"amount":30000000}}
{"at":"2026-09-25T02:29:59+08:00","user":"Group Owner","action":"journal.posted","ip":"cli","payload":{"id":13,"amount":30000000}}
{"at":"2026-09-25T02:29:59+08:00","user":"Group Owner","action":"approval.approved","ip":"cli","payload":{"approval_id":3}}
{"at":"2026-09-25T02:29:59+08:00","user":"Group Owner","action":"journal.reversed","ip":"cli","payload":{"id":1,"reversal_id":14,"reason":"QA reversal"}}
{"at":"2026-09-25T02:29:59+08:00","user":"Group Owner","action":"journal.posted","ip":"cli","payload":{"id":15,"amount":1000000}}
{"at":"2026-09-25T02:29:59+08:00","user":"Group Owner","action":"invoice.payment_allocated","ip":"cli","payload":{"invoice_id":1,"payment_id":1,"amount":1000000}}
{"at":"2026-09-25T02:29:59+08:00","user":"Group Owner","action":"intercompany.eliminated","ip":"cli","payload":{"id":1,"amount":100000000,"period":"2026-09"}}
{"at":"2026-09-25T02:29:59+08:00","user":"Group Owner","action":"fx.recorded","ip":"cli","payload":{"id":1,"gain_loss":100000}}
{"at":"2026-09-25T02:29:59+08:00","user":"Group Owner","action":"bank.csv_imported","ip":"cli","payload":{"company_id":1,"rows":1,"skipped":0}}
{"at":"2026-09-25T02:30:42+08:00","user":"Group Owner","action":"journal.posted","ip":"cli","payload":{"id":12,"amount":1000000}}
{"at":"2026-09-25T02:30:42+08:00","user":"Group Owner","action":"journal.approval_requested","ip":"cli","payload":{"approval_id":3,"amount":30000000}}
{"at":"2026-09-25T02:30:42+08:00","user":"Group Owner","action":"journal.posted","ip":"cli","payload":{"id":13,"amount":30000000}}
{"at":"2026-09-25T02:30:42+08:00","user":"Group Owner","action":"approval.approved","ip":"cli","payload":{"approval_id":3}}
{"at":"2026-09-25T02:30:42+08:00","user":"Group Owner","action":"journal.reversed","ip":"cli","payload":{"id":1,"reversal_id":14,"reason":"QA reversal"}}
{"at":"2026-09-25T02:30:42+08:00","user":"Group Owner","action":"journal.posted","ip":"cli","payload":{"id":15,"amount":1000000}}
{"at":"2026-09-25T02:30:42+08:00","user":"Group Owner","action":"invoice.payment_allocated","ip":"cli","payload":{"invoice_id":1,"payment_id":1,"amount":1000000}}
{"at":"2026-09-25T02:30:42+08:00","user":"Group Owner","action":"intercompany.eliminated","ip":"cli","payload":{"id":1,"amount":100000000,"period":"2026-09"}}
{"at":"2026-09-25T02:30:42+08:00","user":"Group Owner","action":"fx.recorded","ip":"cli","payload":{"id":1,"gain_loss":100000}}
{"at":"2026-09-25T02:30:42+08:00","user":"Group Owner","action":"bank.csv_imported","ip":"cli","payload":{"company_id":1,"rows":1,"skipped":0}}
{"at":"2026-09-25T02:30:42+08:00","user":"Group Owner","action":"journal.approval_requested","ip":"cli","payload":{"approval_id":4,"amount":30000000}}
{"at":"2026-09-25T02:30:42+08:00","user":"Group Owner","action":"bank.csv_imported","ip":"cli","payload":{"company_id":1,"rows":1,"skipped":0}}
{"at":"2026-09-25T02:30:42+08:00","user":"Group Owner","action":"bank.csv_imported","ip":"cli","payload":{"company_id":1,"rows":0,"skipped":1}}
{"at":"2026-09-25T02:38:53+08:00","user":"Group Owner","action":"journal.posted","ip":"cli","payload":{"id":12,"amount":1000000}}
{"at":"2026-09-25T02:38:53+08:00","user":"Group Owner","action":"journal.approval_requested","ip":"cli","payload":{"approval_id":3,"amount":30000000}}
{"at":"2026-09-25T02:38:53+08:00","user":"Group Owner","action":"journal.posted","ip":"cli","payload":{"id":13,"amount":30000000}}
{"at":"2026-09-25T02:38:53+08:00","user":"Group Owner","action":"approval.approved","ip":"cli","payload":{"approval_id":3}}
{"at":"2026-09-25T02:38:53+08:00","user":"Group Owner","action":"journal.reversed","ip":"cli","payload":{"id":1,"reversal_id":14,"reason":"QA reversal"}}
{"at":"2026-09-25T02:38:53+08:00","user":"Group Owner","action":"journal.posted","ip":"cli","payload":{"id":15,"amount":1000000}}
{"at":"2026-09-25T02:38:53+08:00","user":"Group Owner","action":"invoice.payment_allocated","ip":"cli","payload":{"invoice_id":1,"payment_id":1,"amount":1000000}}
{"at":"2026-09-25T02:38:53+08:00","user":"Group Owner","action":"intercompany.eliminated","ip":"cli","payload":{"id":1,"amount":100000000,"period":"2026-09"}}
{"at":"2026-09-25T02:38:53+08:00","user":"Group Owner","action":"fx.recorded","ip":"cli","payload":{"id":1,"gain_loss":100000}}
{"at":"2026-09-25T02:38:53+08:00","user":"Group Owner","action":"bank.csv_imported","ip":"cli","payload":{"company_id":1,"rows":1,"skipped":0}}
{"at":"2026-09-25T02:38:53+08:00","user":"Group Owner","action":"journal.approval_requested","ip":"cli","payload":{"approval_id":4,"amount":30000000}}
{"at":"2026-09-25T02:38:53+08:00","user":"Group Owner","action":"bank.csv_imported","ip":"cli","payload":{"company_id":1,"rows":1,"skipped":0}}
{"at":"2026-09-25T02:38:53+08:00","user":"Group Owner","action":"bank.csv_imported","ip":"cli","payload":{"company_id":1,"rows":0,"skipped":1}}
{"at":"2026-09-25T02:39:12+08:00","user":"Group Owner","action":"journal.posted","ip":"cli","payload":{"id":12,"amount":1000000}}
{"at":"2026-09-25T02:39:12+08:00","user":"Group Owner","action":"journal.approval_requested","ip":"cli","payload":{"approval_id":3,"amount":30000000}}
{"at":"2026-09-25T02:39:12+08:00","user":"Group Owner","action":"journal.posted","ip":"cli","payload":{"id":13,"amount":30000000}}
{"at":"2026-09-25T02:39:12+08:00","user":"Group Owner","action":"approval.approved","ip":"cli","payload":{"approval_id":3}}
{"at":"2026-09-25T02:39:12+08:00","user":"Group Owner","action":"journal.reversed","ip":"cli","payload":{"id":1,"reversal_id":14,"reason":"QA reversal"}}
{"at":"2026-09-25T02:39:12+08:00","user":"Group Owner","action":"journal.posted","ip":"cli","payload":{"id":15,"amount":1000000}}
{"at":"2026-09-25T02:39:12+08:00","user":"Group Owner","action":"invoice.payment_allocated","ip":"cli","payload":{"invoice_id":1,"payment_id":1,"amount":1000000}}
{"at":"2026-09-25T02:39:12+08:00","user":"Group Owner","action":"intercompany.eliminated","ip":"cli","payload":{"id":1,"amount":100000000,"period":"2026-09"}}
{"at":"2026-09-25T02:39:12+08:00","user":"Group Owner","action":"fx.recorded","ip":"cli","payload":{"id":1,"gain_loss":100000}}
{"at":"2026-09-25T02:39:12+08:00","user":"Group Owner","action":"bank.csv_imported","ip":"cli","payload":{"company_id":1,"rows":1,"skipped":0}}
{"at":"2026-09-25T02:39:12+08:00","user":"Group Owner","action":"journal.approval_requested","ip":"cli","payload":{"approval_id":4,"amount":30000000}}
{"at":"2026-09-25T02:39:12+08:00","user":"Group Owner","action":"bank.csv_imported","ip":"cli","payload":{"company_id":1,"rows":1,"skipped":0}}
{"at":"2026-09-25T02:39:12+08:00","user":"Group Owner","action":"bank.csv_imported","ip":"cli","payload":{"company_id":1,"rows":0,"skipped":1}}
{"at":"2026-09-25T02:39:22+08:00","user":"Group Owner","action":"journal.posted","ip":"cli","payload":{"id":12,"amount":1000000}}
{"at":"2026-09-25T02:39:22+08:00","user":"Group Owner","action":"journal.approval_requested","ip":"cli","payload":{"approval_id":3,"amount":30000000}}
{"at":"2026-09-25T02:39:22+08:00","user":"Group Owner","action":"journal.posted","ip":"cli","payload":{"id":13,"amount":30000000}}
{"at":"2026-09-25T02:39:22+08:00","user":"Group Owner","action":"approval.approved","ip":"cli","payload":{"approval_id":3}}
{"at":"2026-09-25T02:39:22+08:00","user":"Group Owner","action":"journal.reversed","ip":"cli","payload":{"id":1,"reversal_id":14,"reason":"QA reversal"}}
{"at":"2026-09-25T02:39:22+08:00","user":"Group Owner","action":"journal.posted","ip":"cli","payload":{"id":15,"amount":1000000}}
{"at":"2026-09-25T02:39:22+08:00","user":"Group Owner","action":"invoice.payment_allocated","ip":"cli","payload":{"invoice_id":1,"payment_id":1,"amount":1000000}}
{"at":"2026-09-25T02:39:22+08:00","user":"Group Owner","action":"intercompany.eliminated","ip":"cli","payload":{"id":1,"amount":100000000,"period":"2026-09"}}
{"at":"2026-09-25T02:39:22+08:00","user":"Group Owner","action":"fx.recorded","ip":"cli","payload":{"id":1,"gain_loss":100000}}
{"at":"2026-09-25T02:39:22+08:00","user":"Group Owner","action":"bank.csv_imported","ip":"cli","payload":{"company_id":1,"rows":1,"skipped":0}}
{"at":"2026-09-25T02:39:22+08:00","user":"Group Owner","action":"journal.approval_requested","ip":"cli","payload":{"approval_id":4,"amount":30000000}}
{"at":"2026-09-25T02:39:22+08:00","user":"Group Owner","action":"bank.csv_imported","ip":"cli","payload":{"company_id":1,"rows":1,"skipped":0}}
{"at":"2026-09-25T02:39:22+08:00","user":"Group Owner","action":"bank.csv_imported","ip":"cli","payload":{"company_id":1,"rows":0,"skipped":1}}
{"at":"2026-09-25T02:39:22+08:00","user":"Group Owner","action":"company.created","ip":"cli","payload":{"id":5,"code":"QA5"}}
{"at":"2026-09-25T02:39:22+08:00","user":"Group Owner","action":"user.created","ip":"cli","payload":{"id":5,"role":"viewer"}}
{"at":"2026-09-25T02:39:22+08:00","user":"Group Owner","action":"budget.saved","ip":"cli","payload":{"company_id":1,"year":2026,"period":9,"amount":12345678}}
{"at":"2026-09-25T02:39:22+08:00","user":"Group Owner","action":"asset.created","ip":"cli","payload":{"id":5,"company_id":1}}
{"at":"2026-09-25T02:39:22+08:00","user":"Group Owner","action":"bank_account.created","ip":"cli","payload":{"id":3,"company_id":1}}
{"at":"2026-09-25T02:39:35+08:00","user":"Group Owner","action":"journal.posted","ip":"cli","payload":{"id":12,"amount":1000000}}
{"at":"2026-09-25T02:39:35+08:00","user":"Group Owner","action":"journal.approval_requested","ip":"cli","payload":{"approval_id":3,"amount":30000000}}
{"at":"2026-09-25T02:39:35+08:00","user":"Group Owner","action":"journal.posted","ip":"cli","payload":{"id":13,"amount":30000000}}
{"at":"2026-09-25T02:39:35+08:00","user":"Group Owner","action":"approval.approved","ip":"cli","payload":{"approval_id":3}}
{"at":"2026-09-25T02:39:35+08:00","user":"Group Owner","action":"journal.reversed","ip":"cli","payload":{"id":1,"reversal_id":14,"reason":"QA reversal"}}
{"at":"2026-09-25T02:39:35+08:00","user":"Group Owner","action":"journal.posted","ip":"cli","payload":{"id":15,"amount":1000000}}
{"at":"2026-09-25T02:39:35+08:00","user":"Group Owner","action":"invoice.payment_allocated","ip":"cli","payload":{"invoice_id":1,"payment_id":1,"amount":1000000}}
{"at":"2026-09-25T02:39:35+08:00","user":"Group Owner","action":"intercompany.eliminated","ip":"cli","payload":{"id":1,"amount":100000000,"period":"2026-09"}}
{"at":"2026-09-25T02:39:35+08:00","user":"Group Owner","action":"fx.recorded","ip":"cli","payload":{"id":1,"gain_loss":100000}}
{"at":"2026-09-25T02:39:35+08:00","user":"Group Owner","action":"bank.csv_imported","ip":"cli","payload":{"company_id":1,"rows":1,"skipped":0}}
{"at":"2026-09-25T02:39:35+08:00","user":"Group Owner","action":"journal.approval_requested","ip":"cli","payload":{"approval_id":4,"amount":30000000}}
{"at":"2026-09-25T02:39:35+08:00","user":"Group Owner","action":"bank.csv_imported","ip":"cli","payload":{"company_id":1,"rows":1,"skipped":0}}
{"at":"2026-09-25T02:39:35+08:00","user":"Group Owner","action":"bank.csv_imported","ip":"cli","payload":{"company_id":1,"rows":0,"skipped":1}}
{"at":"2026-09-25T02:39:35+08:00","user":"Group Owner","action":"company.created","ip":"cli","payload":{"id":5,"code":"QA5"}}
{"at":"2026-09-25T02:39:35+08:00","user":"Group Owner","action":"user.created","ip":"cli","payload":{"id":5,"role":"viewer"}}
{"at":"2026-09-25T02:39:35+08:00","user":"Group Owner","action":"budget.saved","ip":"cli","payload":{"company_id":1,"year":2026,"period":9,"amount":12345678}}
{"at":"2026-09-25T02:39:35+08:00","user":"Group Owner","action":"asset.created","ip":"cli","payload":{"id":5,"company_id":1}}
{"at":"2026-09-25T02:39:35+08:00","user":"Group Owner","action":"bank_account.created","ip":"cli","payload":{"id":3,"company_id":1}}
{"at":"2026-09-25T02:47:08+08:00","user":"Group Owner","action":"backup.downloaded","ip":"127.0.0.1","payload":{"sha256":"f09762cc8f8f435c89013fdc4ea95726ecd6ca91d83f8cf2a215895326c890b3"}}
{"at":"2026-09-25T02:47:08+08:00","user":"Group Owner","action":"backup.restored","ip":"127.0.0.1","payload":{"source_name":"nexa-backup.json"}}
{"at":"2026-09-25T02:49:15+08:00","user":"Group Owner","action":"journal.posted","ip":"cli","payload":{"id":12,"amount":1000000}}
{"at":"2026-09-25T02:49:15+08:00","user":"Group Owner","action":"journal.approval_requested","ip":"cli","payload":{"approval_id":3,"amount":30000000}}
{"at":"2026-09-25T02:49:15+08:00","user":"Group Owner","action":"journal.posted","ip":"cli","payload":{"id":13,"amount":30000000}}
{"at":"2026-09-25T02:49:15+08:00","user":"Group Owner","action":"approval.approved","ip":"cli","payload":{"approval_id":3}}
{"at":"2026-09-25T02:49:15+08:00","user":"Group Owner","action":"journal.reversed","ip":"cli","payload":{"id":1,"reversal_id":14,"reason":"QA reversal"}}
{"at":"2026-09-25T02:49:15+08:00","user":"Group Owner","action":"journal.posted","ip":"cli","payload":{"id":15,"amount":1000000}}
{"at":"2026-09-25T02:49:15+08:00","user":"Group Owner","action":"invoice.payment_allocated","ip":"cli","payload":{"invoice_id":1,"payment_id":1,"amount":1000000}}
{"at":"2026-09-25T02:49:15+08:00","user":"Group Owner","action":"intercompany.eliminated","ip":"cli","payload":{"id":1,"amount":100000000,"period":"2026-09"}}
{"at":"2026-09-25T02:49:15+08:00","user":"Group Owner","action":"fx.recorded","ip":"cli","payload":{"id":1,"gain_loss":100000}}
{"at":"2026-09-25T02:49:15+08:00","user":"Group Owner","action":"bank.csv_imported","ip":"cli","payload":{"company_id":1,"rows":1,"skipped":0}}
{"at":"2026-09-25T02:49:15+08:00","user":"Group Owner","action":"journal.approval_requested","ip":"cli","payload":{"approval_id":4,"amount":30000000}}
{"at":"2026-09-25T02:49:15+08:00","user":"Group Owner","action":"bank.csv_imported","ip":"cli","payload":{"company_id":1,"rows":1,"skipped":0}}
{"at":"2026-09-25T02:49:15+08:00","user":"Group Owner","action":"bank.csv_imported","ip":"cli","payload":{"company_id":1,"rows":0,"skipped":1}}
{"at":"2026-09-25T02:49:15+08:00","user":"Group Owner","action":"company.created","ip":"cli","payload":{"id":5,"code":"QA5"}}
{"at":"2026-09-25T02:49:15+08:00","user":"Group Owner","action":"user.created","ip":"cli","payload":{"id":5,"role":"viewer"}}
{"at":"2026-09-25T02:49:15+08:00","user":"Group Owner","action":"budget.saved","ip":"cli","payload":{"company_id":1,"year":2026,"period":9,"amount":12345678}}
{"at":"2026-09-25T02:49:15+08:00","user":"Group Owner","action":"asset.created","ip":"cli","payload":{"id":5,"company_id":1}}
{"at":"2026-09-25T02:49:15+08:00","user":"Group Owner","action":"bank_account.created","ip":"cli","payload":{"id":3,"company_id":1}}
{"at":"2026-09-25T02:50:50+08:00","user":"Group Owner","action":"journal.posted","ip":"cli","payload":{"id":12,"amount":1000000}}
{"at":"2026-09-25T02:50:50+08:00","user":"Group Owner","action":"journal.approval_requested","ip":"cli","payload":{"approval_id":3,"amount":30000000}}
{"at":"2026-09-25T02:50:50+08:00","user":"Group Owner","action":"journal.posted","ip":"cli","payload":{"id":13,"amount":30000000}}
{"at":"2026-09-25T02:50:50+08:00","user":"Group Owner","action":"approval.approved","ip":"cli","payload":{"approval_id":3}}
{"at":"2026-09-25T02:50:50+08:00","user":"Group Owner","action":"journal.reversed","ip":"cli","payload":{"id":1,"reversal_id":14,"reason":"QA reversal"}}
{"at":"2026-09-25T02:50:50+08:00","user":"Group Owner","action":"journal.posted","ip":"cli","payload":{"id":15,"amount":1000000}}
{"at":"2026-09-25T02:50:50+08:00","user":"Group Owner","action":"invoice.payment_allocated","ip":"cli","payload":{"invoice_id":1,"payment_id":1,"amount":1000000}}
{"at":"2026-09-25T02:50:50+08:00","user":"Group Owner","action":"intercompany.eliminated","ip":"cli","payload":{"id":1,"amount":100000000,"period":"2026-09"}}
{"at":"2026-09-25T02:50:50+08:00","user":"Group Owner","action":"fx.recorded","ip":"cli","payload":{"id":1,"gain_loss":100000}}
{"at":"2026-09-25T02:50:50+08:00","user":"Group Owner","action":"bank.csv_imported","ip":"cli","payload":{"company_id":1,"rows":1,"skipped":0}}
{"at":"2026-09-25T02:50:50+08:00","user":"Group Owner","action":"journal.approval_requested","ip":"cli","payload":{"approval_id":4,"amount":30000000}}
{"at":"2026-09-25T02:50:50+08:00","user":"Group Owner","action":"bank.csv_imported","ip":"cli","payload":{"company_id":1,"rows":1,"skipped":0}}
{"at":"2026-09-25T02:50:50+08:00","user":"Group Owner","action":"bank.csv_imported","ip":"cli","payload":{"company_id":1,"rows":0,"skipped":1}}
{"at":"2026-09-25T02:50:50+08:00","user":"Group Owner","action":"company.created","ip":"cli","payload":{"id":5,"code":"QA5"}}
{"at":"2026-09-25T02:50:51+08:00","user":"Group Owner","action":"user.created","ip":"cli","payload":{"id":5,"role":"viewer"}}
{"at":"2026-09-25T02:50:51+08:00","user":"Group Owner","action":"budget.saved","ip":"cli","payload":{"company_id":1,"year":2026,"period":9,"amount":12345678}}
{"at":"2026-09-25T02:50:51+08:00","user":"Group Owner","action":"asset.created","ip":"cli","payload":{"id":5,"company_id":1}}
{"at":"2026-09-25T02:50:51+08:00","user":"Group Owner","action":"bank_account.created","ip":"cli","payload":{"id":3,"company_id":1}}
{"at":"2026-09-25T02:51:17+08:00","user":"Group Owner","action":"journal.posted","ip":"cli","payload":{"id":12,"amount":1000000}}
{"at":"2026-09-25T02:51:17+08:00","user":"Group Owner","action":"journal.approval_requested","ip":"cli","payload":{"approval_id":3,"amount":30000000}}
{"at":"2026-09-25T02:51:17+08:00","user":"Group Owner","action":"journal.posted","ip":"cli","payload":{"id":13,"amount":30000000}}
{"at":"2026-09-25T02:51:17+08:00","user":"Group Owner","action":"approval.approved","ip":"cli","payload":{"approval_id":3}}
{"at":"2026-09-25T02:51:17+08:00","user":"Group Owner","action":"journal.reversed","ip":"cli","payload":{"id":1,"reversal_id":14,"reason":"QA reversal"}}
{"at":"2026-09-25T02:51:17+08:00","user":"Group Owner","action":"journal.posted","ip":"cli","payload":{"id":15,"amount":1000000}}
{"at":"2026-09-25T02:51:17+08:00","user":"Group Owner","action":"invoice.payment_allocated","ip":"cli","payload":{"invoice_id":1,"payment_id":1,"amount":1000000}}
{"at":"2026-09-25T02:51:17+08:00","user":"Group Owner","action":"intercompany.eliminated","ip":"cli","payload":{"id":1,"amount":100000000,"period":"2026-09"}}
{"at":"2026-09-25T02:51:17+08:00","user":"Group Owner","action":"fx.recorded","ip":"cli","payload":{"id":1,"gain_loss":100000}}
{"at":"2026-09-25T02:51:17+08:00","user":"Group Owner","action":"bank.csv_imported","ip":"cli","payload":{"company_id":1,"rows":1,"skipped":0}}
{"at":"2026-09-25T02:51:17+08:00","user":"Group Owner","action":"journal.approval_requested","ip":"cli","payload":{"approval_id":4,"amount":30000000}}
{"at":"2026-09-25T02:51:17+08:00","user":"Group Owner","action":"bank.csv_imported","ip":"cli","payload":{"company_id":1,"rows":1,"skipped":0}}
{"at":"2026-09-25T02:51:17+08:00","user":"Group Owner","action":"bank.csv_imported","ip":"cli","payload":{"company_id":1,"rows":0,"skipped":1}}
{"at":"2026-09-25T02:51:17+08:00","user":"Group Owner","action":"company.created","ip":"cli","payload":{"id":5,"code":"QA5"}}
{"at":"2026-09-25T02:51:17+08:00","user":"Group Owner","action":"user.created","ip":"cli","payload":{"id":5,"role":"viewer"}}
{"at":"2026-09-25T02:51:17+08:00","user":"Group Owner","action":"budget.saved","ip":"cli","payload":{"company_id":1,"year":2026,"period":9,"amount":12345678}}
{"at":"2026-09-25T02:51:17+08:00","user":"Group Owner","action":"asset.created","ip":"cli","payload":{"id":5,"company_id":1}}
{"at":"2026-09-25T02:51:17+08:00","user":"Group Owner","action":"bank_account.created","ip":"cli","payload":{"id":3,"company_id":1}}
{"at":"2026-09-25T14:50:26+08:00","user":"Group Owner","action":"journal.posted","ip":"cli","payload":{"id":12,"amount":1000000}}
{"at":"2026-09-25T14:50:26+08:00","user":"Group Owner","action":"journal.approval_requested","ip":"cli","payload":{"approval_id":3,"amount":30000000}}
{"at":"2026-09-25T14:50:26+08:00","user":"Group Owner","action":"journal.posted","ip":"cli","payload":{"id":13,"amount":30000000}}
{"at":"2026-09-25T14:50:26+08:00","user":"Group Owner","action":"approval.approved","ip":"cli","payload":{"approval_id":3}}
{"at":"2026-09-25T14:50:26+08:00","user":"Group Owner","action":"journal.reversed","ip":"cli","payload":{"id":1,"reversal_id":14,"reason":"QA reversal"}}
{"at":"2026-09-25T14:50:26+08:00","user":"Group Owner","action":"journal.posted","ip":"cli","payload":{"id":15,"amount":1000000}}
{"at":"2026-09-25T14:50:26+08:00","user":"Group Owner","action":"invoice.payment_allocated","ip":"cli","payload":{"invoice_id":1,"payment_id":1,"amount":1000000}}
{"at":"2026-09-25T14:50:26+08:00","user":"Group Owner","action":"intercompany.eliminated","ip":"cli","payload":{"id":1,"amount":100000000,"period":"2026-09"}}
{"at":"2026-09-25T14:50:26+08:00","user":"Group Owner","action":"fx.recorded","ip":"cli","payload":{"id":1,"gain_loss":100000}}
{"at":"2026-09-25T14:50:26+08:00","user":"Group Owner","action":"bank.csv_imported","ip":"cli","payload":{"company_id":1,"rows":1,"skipped":0}}
{"at":"2026-09-25T14:50:26+08:00","user":"Group Owner","action":"journal.approval_requested","ip":"cli","payload":{"approval_id":4,"amount":30000000}}
{"at":"2026-09-25T14:50:26+08:00","user":"Group Owner","action":"bank.csv_imported","ip":"cli","payload":{"company_id":1,"rows":1,"skipped":0}}
{"at":"2026-09-25T14:50:26+08:00","user":"Group Owner","action":"bank.csv_imported","ip":"cli","payload":{"company_id":1,"rows":0,"skipped":1}}
{"at":"2026-09-25T14:50:26+08:00","user":"Group Owner","action":"company.created","ip":"cli","payload":{"id":5,"code":"QA5"}}
{"at":"2026-09-25T14:50:26+08:00","user":"Group Owner","action":"user.created","ip":"cli","payload":{"id":5,"role":"viewer"}}
{"at":"2026-09-25T14:50:26+08:00","user":"Group Owner","action":"budget.saved","ip":"cli","payload":{"company_id":1,"year":2026,"period":9,"amount":12345678}}
{"at":"2026-09-25T14:50:26+08:00","user":"Group Owner","action":"asset.created","ip":"cli","payload":{"id":5,"company_id":1}}
{"at":"2026-09-25T14:50:26+08:00","user":"Group Owner","action":"bank_account.created","ip":"cli","payload":{"id":3,"company_id":1}}
{"at":"2026-09-25T14:50:26+08:00","user":"Group Owner","action":"daily_income.posted","ip":"cli","payload":{"id":12,"amount":10000000,"company_id":1}}
{"at":"2026-09-25T14:50:26+08:00","user":"Group Owner","action":"daily_income.approval_requested","ip":"cli","payload":{"approval_id":3,"amount":30000000,"company_id":1}}
{"at":"2026-09-25T14:50:26+08:00","user":"Group Owner","action":"daily_income.posted","ip":"cli","payload":{"id":13,"amount":30000000,"company_id":1}}
{"at":"2026-09-25T14:50:26+08:00","user":"Group Owner","action":"approval.approved","ip":"cli","payload":{"approval_id":3}}
{"at":"2026-09-25T14:50:26+08:00","user":"Group Owner","action":"income_category.created","ip":"cli","payload":{"id":12,"company_id":1}}
{"at":"2026-09-25T14:50:44+08:00","user":"Group Owner","action":"journal.posted","ip":"cli","payload":{"id":12,"amount":1000000}}
{"at":"2026-09-25T14:50:44+08:00","user":"Group Owner","action":"journal.approval_requested","ip":"cli","payload":{"approval_id":3,"amount":30000000}}
{"at":"2026-09-25T14:50:44+08:00","user":"Group Owner","action":"journal.posted","ip":"cli","payload":{"id":13,"amount":30000000}}
{"at":"2026-09-25T14:50:44+08:00","user":"Group Owner","action":"approval.approved","ip":"cli","payload":{"approval_id":3}}
{"at":"2026-09-25T14:50:44+08:00","user":"Group Owner","action":"journal.reversed","ip":"cli","payload":{"id":1,"reversal_id":14,"reason":"QA reversal"}}
{"at":"2026-09-25T14:50:44+08:00","user":"Group Owner","action":"journal.posted","ip":"cli","payload":{"id":15,"amount":1000000}}
{"at":"2026-09-25T14:50:44+08:00","user":"Group Owner","action":"invoice.payment_allocated","ip":"cli","payload":{"invoice_id":1,"payment_id":1,"amount":1000000}}
{"at":"2026-09-25T14:50:44+08:00","user":"Group Owner","action":"intercompany.eliminated","ip":"cli","payload":{"id":1,"amount":100000000,"period":"2026-09"}}
{"at":"2026-09-25T14:50:44+08:00","user":"Group Owner","action":"fx.recorded","ip":"cli","payload":{"id":1,"gain_loss":100000}}
{"at":"2026-09-25T14:50:44+08:00","user":"Group Owner","action":"bank.csv_imported","ip":"cli","payload":{"company_id":1,"rows":1,"skipped":0}}
{"at":"2026-09-25T14:50:44+08:00","user":"Group Owner","action":"journal.approval_requested","ip":"cli","payload":{"approval_id":4,"amount":30000000}}
{"at":"2026-09-25T14:50:44+08:00","user":"Group Owner","action":"bank.csv_imported","ip":"cli","payload":{"company_id":1,"rows":1,"skipped":0}}
{"at":"2026-09-25T14:50:44+08:00","user":"Group Owner","action":"bank.csv_imported","ip":"cli","payload":{"company_id":1,"rows":0,"skipped":1}}
{"at":"2026-09-25T14:50:44+08:00","user":"Group Owner","action":"company.created","ip":"cli","payload":{"id":5,"code":"QA5"}}
{"at":"2026-09-25T14:50:44+08:00","user":"Group Owner","action":"user.created","ip":"cli","payload":{"id":5,"role":"viewer"}}
{"at":"2026-09-25T14:50:44+08:00","user":"Group Owner","action":"budget.saved","ip":"cli","payload":{"company_id":1,"year":2026,"period":9,"amount":12345678}}
{"at":"2026-09-25T14:50:44+08:00","user":"Group Owner","action":"asset.created","ip":"cli","payload":{"id":5,"company_id":1}}
{"at":"2026-09-25T14:50:44+08:00","user":"Group Owner","action":"bank_account.created","ip":"cli","payload":{"id":3,"company_id":1}}
{"at":"2026-09-25T14:50:44+08:00","user":"Group Owner","action":"daily_income.posted","ip":"cli","payload":{"id":12,"amount":10000000,"company_id":1}}
{"at":"2026-09-25T14:50:44+08:00","user":"Group Owner","action":"daily_income.approval_requested","ip":"cli","payload":{"approval_id":3,"amount":30000000,"company_id":1}}
{"at":"2026-09-25T14:50:44+08:00","user":"Group Owner","action":"daily_income.posted","ip":"cli","payload":{"id":13,"amount":30000000,"company_id":1}}
{"at":"2026-09-25T14:50:44+08:00","user":"Group Owner","action":"approval.approved","ip":"cli","payload":{"approval_id":3}}
{"at":"2026-09-25T14:50:44+08:00","user":"Group Owner","action":"income_category.created","ip":"cli","payload":{"id":12,"company_id":1}}
{"at":"2026-09-25T14:52:02+08:00","user":"system","action":"daily_income.posted","ip":"127.0.0.1","payload":{"id":12,"amount":5500000,"company_id":1}}
{"at":"2026-09-25T14:52:29+08:00","user":"Group Owner","action":"journal.posted","ip":"cli","payload":{"id":12,"amount":1000000}}
{"at":"2026-09-25T14:52:29+08:00","user":"Group Owner","action":"journal.approval_requested","ip":"cli","payload":{"approval_id":3,"amount":30000000}}
{"at":"2026-09-25T14:52:29+08:00","user":"Group Owner","action":"journal.posted","ip":"cli","payload":{"id":13,"amount":30000000}}
{"at":"2026-09-25T14:52:29+08:00","user":"Group Owner","action":"approval.approved","ip":"cli","payload":{"approval_id":3}}
{"at":"2026-09-25T14:52:29+08:00","user":"Group Owner","action":"journal.reversed","ip":"cli","payload":{"id":1,"reversal_id":14,"reason":"QA reversal"}}
{"at":"2026-09-25T14:52:29+08:00","user":"Group Owner","action":"journal.posted","ip":"cli","payload":{"id":15,"amount":1000000}}
{"at":"2026-09-25T14:52:29+08:00","user":"Group Owner","action":"invoice.payment_allocated","ip":"cli","payload":{"invoice_id":1,"payment_id":1,"amount":1000000}}
{"at":"2026-09-25T14:52:29+08:00","user":"Group Owner","action":"intercompany.eliminated","ip":"cli","payload":{"id":1,"amount":100000000,"period":"2026-09"}}
{"at":"2026-09-25T14:52:29+08:00","user":"Group Owner","action":"fx.recorded","ip":"cli","payload":{"id":1,"gain_loss":100000}}
{"at":"2026-09-25T14:52:29+08:00","user":"Group Owner","action":"bank.csv_imported","ip":"cli","payload":{"company_id":1,"rows":1,"skipped":0}}
{"at":"2026-09-25T14:52:29+08:00","user":"Group Owner","action":"journal.approval_requested","ip":"cli","payload":{"approval_id":4,"amount":30000000}}
{"at":"2026-09-25T14:52:29+08:00","user":"Group Owner","action":"bank.csv_imported","ip":"cli","payload":{"company_id":1,"rows":1,"skipped":0}}
{"at":"2026-09-25T14:52:29+08:00","user":"Group Owner","action":"bank.csv_imported","ip":"cli","payload":{"company_id":1,"rows":0,"skipped":1}}
{"at":"2026-09-25T14:52:29+08:00","user":"Group Owner","action":"company.created","ip":"cli","payload":{"id":5,"code":"QA5"}}
{"at":"2026-09-25T14:52:29+08:00","user":"Group Owner","action":"user.created","ip":"cli","payload":{"id":5,"role":"viewer"}}
{"at":"2026-09-25T14:52:29+08:00","user":"Group Owner","action":"budget.saved","ip":"cli","payload":{"company_id":1,"year":2026,"period":9,"amount":12345678}}
{"at":"2026-09-25T14:52:29+08:00","user":"Group Owner","action":"asset.created","ip":"cli","payload":{"id":5,"company_id":1}}
{"at":"2026-09-25T14:52:29+08:00","user":"Group Owner","action":"bank_account.created","ip":"cli","payload":{"id":3,"company_id":1}}
{"at":"2026-09-25T14:52:29+08:00","user":"Group Owner","action":"daily_income.posted","ip":"cli","payload":{"id":12,"amount":10000000,"company_id":1}}
{"at":"2026-09-25T14:52:29+08:00","user":"Group Owner","action":"daily_income.approval_requested","ip":"cli","payload":{"approval_id":3,"amount":30000000,"company_id":1}}
{"at":"2026-09-25T14:52:29+08:00","user":"Group Owner","action":"daily_income.posted","ip":"cli","payload":{"id":13,"amount":30000000,"company_id":1}}
{"at":"2026-09-25T14:52:29+08:00","user":"Group Owner","action":"approval.approved","ip":"cli","payload":{"approval_id":3}}
{"at":"2026-09-25T14:52:29+08:00","user":"Group Owner","action":"income_category.created","ip":"cli","payload":{"id":12,"company_id":1}}
{"at":"2026-09-25T15:23:06+08:00","user":"Group Owner","action":"journal.posted","ip":"cli","payload":{"id":12,"amount":1000000}}
{"at":"2026-09-25T15:23:06+08:00","user":"Group Owner","action":"journal.approval_requested","ip":"cli","payload":{"approval_id":3,"amount":30000000}}
{"at":"2026-09-25T15:23:06+08:00","user":"Group Owner","action":"journal.posted","ip":"cli","payload":{"id":13,"amount":30000000}}
{"at":"2026-09-25T15:23:06+08:00","user":"Group Owner","action":"approval.approved","ip":"cli","payload":{"approval_id":3}}
{"at":"2026-09-25T15:23:06+08:00","user":"Group Owner","action":"journal.reversed","ip":"cli","payload":{"id":1,"reversal_id":14,"reason":"QA reversal"}}
{"at":"2026-09-25T15:23:06+08:00","user":"Group Owner","action":"journal.posted","ip":"cli","payload":{"id":15,"amount":1000000}}
{"at":"2026-09-25T15:23:06+08:00","user":"Group Owner","action":"invoice.payment_allocated","ip":"cli","payload":{"invoice_id":1,"payment_id":1,"amount":1000000}}
{"at":"2026-09-25T15:23:06+08:00","user":"Group Owner","action":"intercompany.eliminated","ip":"cli","payload":{"id":1,"amount":100000000,"period":"2026-09"}}
{"at":"2026-09-25T15:23:06+08:00","user":"Group Owner","action":"fx.recorded","ip":"cli","payload":{"id":1,"gain_loss":100000}}
{"at":"2026-09-25T15:23:06+08:00","user":"Group Owner","action":"bank.csv_imported","ip":"cli","payload":{"company_id":1,"rows":1,"skipped":0}}
{"at":"2026-09-25T15:23:06+08:00","user":"Group Owner","action":"journal.approval_requested","ip":"cli","payload":{"approval_id":4,"amount":30000000}}
{"at":"2026-09-25T15:23:06+08:00","user":"Group Owner","action":"bank.csv_imported","ip":"cli","payload":{"company_id":1,"rows":1,"skipped":0}}
{"at":"2026-09-25T15:23:06+08:00","user":"Group Owner","action":"bank.csv_imported","ip":"cli","payload":{"company_id":1,"rows":0,"skipped":1}}
{"at":"2026-09-25T15:23:06+08:00","user":"Group Owner","action":"company.created","ip":"cli","payload":{"id":5,"code":"QA5"}}
{"at":"2026-09-25T15:23:06+08:00","user":"Group Owner","action":"user.created","ip":"cli","payload":{"id":5,"role":"viewer"}}
{"at":"2026-09-25T15:23:06+08:00","user":"Group Owner","action":"budget.saved","ip":"cli","payload":{"company_id":1,"year":2026,"period":9,"amount":12345678}}
{"at":"2026-09-25T15:23:06+08:00","user":"Group Owner","action":"asset.created","ip":"cli","payload":{"id":5,"company_id":1}}
{"at":"2026-09-25T15:23:06+08:00","user":"Group Owner","action":"bank_account.created","ip":"cli","payload":{"id":3,"company_id":1}}
{"at":"2026-09-25T15:23:06+08:00","user":"Group Owner","action":"daily_income.posted","ip":"cli","payload":{"id":12,"amount":10000000,"company_id":1}}
{"at":"2026-09-25T15:23:06+08:00","user":"Group Owner","action":"daily_income.approval_requested","ip":"cli","payload":{"approval_id":3,"amount":30000000,"company_id":1}}
{"at":"2026-09-25T15:23:06+08:00","user":"Group Owner","action":"daily_income.posted","ip":"cli","payload":{"id":13,"amount":30000000,"company_id":1}}
{"at":"2026-09-25T15:23:06+08:00","user":"Group Owner","action":"approval.approved","ip":"cli","payload":{"approval_id":3}}
{"at":"2026-09-25T15:23:06+08:00","user":"Group Owner","action":"income_category.created","ip":"cli","payload":{"id":12,"company_id":1}}
